{
    "InstanceId": "i-0cc602b71ac640d08",
    "Output": "[    0.000000] Linux version 4.14.154-128.181.amzn2.x86_64 (mockbuild@ip-10-0-1-129) (gcc version 7.3.1 20180712 (Red Hat 7.3.1-6) (GCC)) #1 SMP Sat Nov 16 21:49:00 UTC 2019\r\n[    0.000000] Command line: BOOT_IMAGE=/boot/vmlinuz-4.14.154-128.181.amzn2.x86_64 root=UUID=afcf1342-1d40-41bd-bde9-e4ea5d87e3b6 ro console=tty0 console=ttyS0,115200n8 net.ifnames=0 biosdevname=0 nvme_core.io_timeout=4294967295 rd.emergency=poweroff rd.shell=0\r\n[    0.000000] x86/fpu: Supporting XSAVE feature 0x001: 'x87 floating point registers'\r\n[    0.000000] x86/fpu: Supporting XSAVE feature 0x002: 'SSE registers'\r\n[    0.000000] x86/fpu: Supporting XSAVE feature 0x004: 'AVX registers'\r\n[    0.000000] x86/fpu: xstate_offset[2]:  576, xstate_sizes[2]:  256\r\n[    0.000000] x86/fpu: Enabled xstate features 0x7, context size is 832 bytes, using 'standard' format.\r\n[    0.000000] e820: BIOS-provided physical RAM map:\r\n[    0.000000] BIOS-e820: [mem 0x0000000000000000-0x000000000009dfff] usable\r\n[    0.000000] BIOS-e820: [mem 0x000000000009e000-0x000000000009ffff] reserved\r\n[    0.000000] BIOS-e820: [mem 0x00000000000e0000-0x00000000000fffff] reserved\r\n[    0.000000] BIOS-e820: [mem 0x0000000000100000-0x000000003fffffff] usable\r\n[    0.000000] BIOS-e820: [mem 0x00000000fc000000-0x00000000ffffffff] reserved\r\n[    0.000000] NX (Execute Disable) protection: active\r\n[    0.000000] SMBIOS 2.7 present.\r\n[    0.000000] DMI: Xen HVM domU, BIOS 4.2.amazon 08/24/2006\r\n[    0.000000] Hypervisor detected: Xen HVM\r\n[    0.000000] Xen version 4.2.\r\n[    0.000000] Netfront and the Xen platform PCI driver have been compiled for this kernel: unplug emulated NICs.\r\n[    0.000000] Blkfront and the Xen platform PCI driver have been compiled for this kernel: unplug emulated disks.\r\n[    0.000000] You might have to change the root device\r\n[    0.000000] from /dev/hd[a-d] to /dev/xvd[a-d]\r\n[    0.000000] in your root= kernel command line option\r\n[    0.000000] tsc: Fast TSC calibration using PIT\r\n[    0.000000] e820: last_pfn = 0x40000 max_arch_pfn = 0x400000000\r\n[    0.000000] x86/PAT: Configuration [0-7]: WB  WC  UC- UC  WB  WP  UC- WT  \r\n[    0.000000] found SMP MP-table at [mem 0x000fbc50-0x000fbc5f]\r\n[    0.000000] Scanning 1 areas for low memory corruption\r\n[    0.000000] RAMDISK: [mem 0x34404000-0x361f9fff]\r\n[    0.000000] ACPI: Early table checksum verification disabled\r\n[    0.000000] ACPI: RSDP 0x00000000000EA020 000024 (v02 Xen   )\r\n[    0.000000] ACPI: XSDT 0x00000000FC00E2A0 000054 (v01 Xen    HVM      00000000 HVML 00000000)\r\n[    0.000000] ACPI: FACP 0x00000000FC00DF60 0000F4 (v04 Xen    HVM      00000000 HVML 00000000)\r\n[    0.000000] ACPI: DSDT 0x00000000FC0021C0 00BD19 (v02 Xen    HVM      00000000 INTL 20090123)\r\n[    0.000000] ACPI: FACS 0x00000000FC002180 000040\r\n[    0.000000] ACPI: FACS 0x00000000FC002180 000040\r\n[    0.000000] ACPI: APIC 0x00000000FC00E060 0000D8 (v02 Xen    HVM      00000000 HVML 00000000)\r\n[    0.000000] ACPI: HPET 0x00000000FC00E1B0 000038 (v01 Xen    HVM      00000000 HVML 00000000)\r\n[    0.000000] ACPI: WAET 0x00000000FC00E1F0 000028 (v01 Xen    HVM      00000000 HVML 00000000)\r\n[    0.000000] ACPI: SSDT 0x00000000FC00E220 000031 (v02 Xen    HVM      00000000 INTL 20090123)\r\n[    0.000000] ACPI: SSDT 0x00000000FC00E260 000033 (v02 Xen    HVM      00000000 INTL 20090123)\r\n[    0.000000] No NUMA configuration found\r\n[    0.000000] Faking a node at [mem 0x0000000000000000-0x000000003fffffff]\r\n[    0.000000] NODE_DATA(0) allocated [mem 0x3ffde000-0x3fffffff]\r\n[    0.000000] Zone ranges:\r\n[    0.000000]   DMA      [mem 0x0000000000001000-0x0000000000ffffff]\r\n[    0.000000]   DMA32    [mem 0x0000000001000000-0x000000003fffffff]\r\n[    0.000000]   Normal   empty\r\n[    0.000000] Movable zone start for each node\r\n[    0.000000] Early memory node ranges\r\n[    0.000000]   node   0: [mem 0x0000000000001000-0x000000000009dfff]\r\n[    0.000000]   node   0: [mem 0x0000000000100000-0x000000003fffffff]\r\n[    0.000000] Initmem setup node 0 [mem 0x0000000000001000-0x000000003fffffff]\r\n[    0.000000] ACPI: PM-Timer IO Port: 0xb008\r\n[    0.000000] IOAPIC[0]: apic_id 1, version 17, address 0xfec00000, GSI 0-47\r\n[    0.000000] ACPI: INT_SRC_OVR (bus 0 bus_irq 0 global_irq 2 dfl dfl)\r\n[    0.000000] ACPI: INT_SRC_OVR (bus 0 bus_irq 5 global_irq 5 low level)\r\n[    0.000000] ACPI: INT_SRC_OVR (bus 0 bus_irq 10 global_irq 10 low level)\r\n[    0.000000] ACPI: INT_SRC_OVR (bus 0 bus_irq 11 global_irq 11 low level)\r\n[    0.000000] Using ACPI (MADT) for SMP configuration information\r\n[    0.000000] ACPI: HPET id: 0x8086a201 base: 0xfed00000\r\n[    0.000000] smpboot: Allowing 15 CPUs, 14 hotplug CPUs\r\n[    0.000000] PM: Registered nosave memory: [mem 0x00000000-0x00000fff]\r\n[    0.000000] PM: Registered nosave memory: [mem 0x0009e000-0x0009ffff]\r\n[    0.000000] PM: Registered nosave memory: [mem 0x000a0000-0x000dffff]\r\n[    0.000000] PM: Registered nosave memory: [mem 0x000e0000-0x000fffff]\r\n[    0.000000] e820: [mem 0x40000000-0xfbffffff] available for PCI devices\r\n[    0.000000] Booting paravirtualized kernel on Xen HVM\r\n[    0.000000] clocksource: refined-jiffies: mask: 0xffffffff max_cycles: 0xffffffff, max_idle_ns: 7645519600211568 ns\r\n[    0.000000] random: get_random_bytes called from start_kernel+0x94/0x4c8 with crng_init=0\r\n[    0.000000] setup_percpu: NR_CPUS:8192 nr_cpumask_bits:15 nr_cpu_ids:15 nr_node_ids:1\r\n[    0.000000] percpu: Embedded 44 pages/cpu s140504 r8192 d31528 u262144\r\n[    0.000000] PV qspinlock hash table entries: 256 (order: 0, 4096 bytes)\r\n[    0.000000] Built 1 zonelists, mobility grouping on.  Total pages: 257928\r\n[    0.000000] Policy zone: DMA32\r\n[    0.000000] Kernel command line: BOOT_IMAGE=/boot/vmlinuz-4.14.154-128.181.amzn2.x86_64 root=UUID=afcf1342-1d40-41bd-bde9-e4ea5d87e3b6 ro console=tty0 console=ttyS0,115200n8 net.ifnames=0 biosdevname=0 nvme_core.io_timeout=4294967295 rd.emergency=poweroff rd.shell=0\r\n[    0.000000] PID hash table entries: 4096 (order: 3, 32768 bytes)\r\n[    0.000000] Memory: 971172K/1048180K available (10252K kernel code, 1957K rwdata, 2772K rodata, 2080K init, 3924K bss, 77008K reserved, 0K cma-reserved)\r\n[    0.000000] SLUB: HWalign=64, Order=0-3, MinObjects=0, CPUs=15, Nodes=1\r\n[    0.000000] Kernel/User page tables isolation: enabled\r\n[    0.000000] ftrace: allocating 26633 entries in 105 pages\r\n[    0.004000] Hierarchical RCU implementation.\r\n[    0.004000] \tRCU restricting CPUs from NR_CPUS=8192 to nr_cpu_ids=15.\r\n[    0.004000] RCU: Adjusting geometry for rcu_fanout_leaf=16, nr_cpu_ids=15\r\n[    0.004000] NR_IRQS: 524544, nr_irqs: 952, preallocated irqs: 16\r\n[    0.004000] xen:events: Using 2-level ABI\r\n[    0.004000] xen:events: Xen HVM callback vector for event delivery is enabled\r\n[    0.004000] Console: colour VGA+ 80x25\r\n[    0.004000] console [tty0] enabled\r\n[    0.004000] Cannot get hvm parameter CONSOLE_EVTCHN (18): -22!\r\n[    0.004000] console [ttyS0] enabled\r\n[    0.004000] clocksource: hpet: mask: 0xffffffff max_cycles: 0xffffffff, max_idle_ns: 30580167144 ns\r\n[    0.008000] tsc: Fast TSC calibration using PIT\r\n[    0.020005] tsc: Detected 2399.907 MHz processor\r\n[    0.024009] Calibrating delay loop (skipped), value calculated using timer frequency.. 4800.11 BogoMIPS (lpj=9600224)\r\n[    0.036004] pid_max: default: 32768 minimum: 301\r\n[    0.040024] ACPI: Core revision 20170728\r\n[    0.048943] ACPI: 3 ACPI AML tables successfully acquired and loaded\r\n[    0.052040] Security Framework initialized\r\n[    0.056005] SELinux:  Initializing.\r\n[    0.060258] Dentry cache hash table entries: 131072 (order: 8, 1048576 bytes)\r\n[    0.064121] Inode-cache hash table entries: 65536 (order: 7, 524288 bytes)\r\n[    0.072021] Mount-cache hash table entries: 2048 (order: 2, 16384 bytes)\r\n[    0.076012] Mountpoint-cache hash table entries: 2048 (order: 2, 16384 bytes)\r\n[    0.080276] mce: CPU supports 2 MCE banks\r\n[    0.088028] Last level iTLB entries: 4KB 1024, 2MB 1024, 4MB 1024\r\n[    0.092004] Last level dTLB entries: 4KB 1024, 2MB 1024, 4MB 1024, 1GB 4\r\n[    0.100004] Spectre V1 : Mitigation: usercopy/swapgs barriers and __user pointer sanitization\r\n[    0.108004] Spectre V2 : Mitigation: Full generic retpoline\r\n[    0.116003] Spectre V2 : Spectre v2 / SpectreRSB mitigation: Filling RSB on context switch\r\n[    0.124003] Speculative Store Bypass: Vulnerable\r\n[    0.128030] MDS: Vulnerable: Clear CPU buffers attempted, no microcode\r\n[    0.142283] smpboot: Max logical packages: 15\r\n[    0.148023] x2apic: IRQ remapping doesn't support X2APIC mode\r\n[    0.152005] Switched APIC routing to physical flat.\r\n[    0.158927] ..TIMER: vector=0x30 apic1=0 pin1=2 apic2=0 pin2=0\r\n[    0.206404] clocksource: xen: mask: 0xffffffffffffffff max_cycles: 0x1cd42e4dffb, max_idle_ns: 881590591483 ns\r\n[    0.212019] installing Xen timer for CPU 0\r\n[    0.216087] smpboot: CPU0: Intel(R) Xeon(R) CPU E5-2676 v3 @ 2.40GHz (family: 0x6, model: 0x3f, stepping: 0x2)\r\n[    0.220047] cpu 0 spinlock event irq 53\r\n[    0.224143] Performance Events: unsupported p6 CPU model 63 no PMU driver, software events only.\r\n[    0.228083] Hierarchical SRCU implementation.\r\n[    0.232324] NMI watchdog: Perf event create on CPU 0 failed with -2\r\n[    0.236010] NMI watchdog: Perf NMI watchdog permanently disabled\r\n[    0.240251] smp: Bringing up secondary CPUs ...\r\n[    0.244008] smp: Brought up 1 node, 1 CPU\r\n[    0.248005] smpboot: Total of 1 processors activated (4800.11 BogoMIPS)\r\n[    0.252559] devtmpfs: initialized\r\n[    0.256065] x86/mm: Memory block size: 128MB\r\n[    0.260298] clocksource: jiffies: mask: 0xffffffff max_cycles: 0xffffffff, max_idle_ns: 7645041785100000 ns\r\n[    0.264026] futex hash table entries: 4096 (order: 6, 262144 bytes)\r\n[    0.268302] NET: Registered protocol family 16\r\n[    0.272272] cpuidle: using governor ladder\r\n[    0.276009] cpuidle: using governor menu\r\n[    0.280061] ACPI: bus type PCI registered\r\n[    0.284008] acpiphp: ACPI Hot Plug PCI Controller Driver version: 0.5\r\n[    0.288465] PCI: Using configuration type 1 for base access\r\n[    0.295407] HugeTLB registered 2.00 MiB page size, pre-allocated 0 pages\r\n[    0.296231] ACPI: Added _OSI(Module Device)\r\n[    0.300016] ACPI: Added _OSI(Processor Device)\r\n[    0.304006] ACPI: Added _OSI(3.0 _SCP Extensions)\r\n[    0.308004] ACPI: Added _OSI(Processor Aggregator Device)\r\n[    0.315195] ACPI: Interpreter enabled\r\n[    0.316020] ACPI: (supports S0 S4 S5)\r\n[    0.320004] ACPI: Using IOAPIC for interrupt routing\r\n[    0.324043] PCI: Using host bridge windows from ACPI; if necessary, use \"pci=nocrs\" and report a bug\r\n[    0.328612] ACPI: Enabled 2 GPEs in block 00 to 0F\r\n[    0.401101] ACPI: PCI Root Bridge [PCI0] (domain 0000 [bus 00-ff])\r\n[    0.404014] acpi PNP0A03:00: _OSC: OS supports [ASPM ClockPM Segments MSI]\r\n[    0.408015] acpi PNP0A03:00: _OSC failed (AE_NOT_FOUND); disabling ASPM\r\n[    0.412018] acpi PNP0A03:00: fail to add MMCONFIG information, can't access extended PCI configuration space under this bridge.\r\n[    0.417209] acpiphp: Slot [0] registered\r\n[    0.421861] acpiphp: Slot [3] registered\r\n[    0.424827] acpiphp: Slot [4] registered\r\n[    0.428739] acpiphp: Slot [5] registered\r\n[    0.432612] acpiphp: Slot [6] registered\r\n[    0.436574] acpiphp: Slot [7] registered\r\n[    0.440547] acpiphp: Slot [8] registered\r\n[    0.444539] acpiphp: Slot [9] registered\r\n[    0.448557] acpiphp: Slot [10] registered\r\n[    0.452600] acpiphp: Slot [11] registered\r\n[    0.456579] acpiphp: Slot [12] registered\r\n[    0.460617] acpiphp: Slot [13] registered\r\n[    0.464548] acpiphp: Slot [14] registered\r\n[    0.468818] acpiphp: Slot [15] registered\r\n[    0.472832] acpiphp: Slot [16] registered\r\n[    0.476844] acpiphp: Slot [17] registered\r\n[    0.480878] acpiphp: Slot [18] registered\r\n[    0.484832] acpiphp: Slot [19] registered\r\n[    0.488762] acpiphp: Slot [20] registered\r\n[    0.492689] acpiphp: Slot [21] registered\r\n[    0.496689] acpiphp: Slot [22] registered\r\n[    0.500528] acpiphp: Slot [23] registered\r\n[    0.504447] acpiphp: Slot [24] registered\r\n[    0.508495] acpiphp: Slot [25] registered\r\n[    0.512542] acpiphp: Slot [26] registered\r\n[    0.516527] acpiphp: Slot [27] registered\r\n[    0.520483] acpiphp: Slot [28] registered\r\n[    0.524777] acpiphp: Slot [29] registered\r\n[    0.528745] acpiphp: Slot [30] registered\r\n[    0.532684] acpiphp: Slot [31] registered\r\n[    0.536528] PCI host bridge to bus 0000:00\r\n[    0.540006] pci_bus 0000:00: root bus resource [io  0x0000-0x0cf7 window]\r\n[    0.544008] pci_bus 0000:00: root bus resource [io  0x0d00-0xffff window]\r\n[    0.548008] pci_bus 0000:00: root bus resource [mem 0x000a0000-0x000bffff window]\r\n[    0.552011] pci_bus 0000:00: root bus resource [mem 0xf0000000-0xfbffffff window]\r\n[    0.556009] pci_bus 0000:00: root bus resource [bus 00-ff]\r\n[    0.570844] pci 0000:00:01.1: legacy IDE quirk: reg 0x10: [io  0x01f0-0x01f7]\r\n[    0.572008] pci 0000:00:01.1: legacy IDE quirk: reg 0x14: [io  0x03f6]\r\n[    0.576005] pci 0000:00:01.1: legacy IDE quirk: reg 0x18: [io  0x0170-0x0177]\r\n[    0.580008] pci 0000:00:01.1: legacy IDE quirk: reg 0x1c: [io  0x0376]\r\n[    0.585131] * Found PM-Timer Bug on the chipset. Due to workarounds for a bug,\r\n[    0.585131] * this clock source is slow. Consider trying other clock sources\r\n[    0.591103] pci 0000:00:01.3: quirk: [io  0xb000-0xb03f] claimed by PIIX4 ACPI\r\n[    0.609379] ACPI: PCI Interrupt Link [LNKA] (IRQs *5 10 11)\r\n[    0.612323] ACPI: PCI Interrupt Link [LNKB] (IRQs 5 *10 11)\r\n[    0.616277] ACPI: PCI Interrupt Link [LNKC] (IRQs 5 10 *11)\r\n[    0.620322] ACPI: PCI Interrupt Link [LNKD] (IRQs *5 10 11)\r\n[    0.655480] xen:balloon: Initialising balloon driver\r\n[    0.668614] pci 0000:00:02.0: vgaarb: setting as boot VGA device\r\n[    0.672000] pci 0000:00:02.0: vgaarb: VGA device added: decodes=io+mem,owns=io+mem,locks=none\r\n[    0.672021] pci 0000:00:02.0: vgaarb: bridge control possible\r\n[    0.676005] vgaarb: loaded\r\n[    0.679687] EDAC MC: Ver: 3.0.0\r\n[    0.680793] PCI: Using ACPI for IRQ routing\r\n[    0.684851] NetLabel: Initializing\r\n[    0.688009] NetLabel:  domain hash size = 128\r\n[    0.692005] NetLabel:  protocols = UNLABELED CIPSOv4 CALIPSO\r\n[    0.696031] NetLabel:  unlabeled traffic allowed by default\r\n[    0.700334] HPET: 3 timers in total, 0 timers will be used for per-cpu timer\r\n[    0.704029] hpet0: at MMIO 0xfed00000, IRQs 2, 8, 0\r\n[    0.708007] hpet0: 3 comparators, 64-bit 62.500000 MHz counter\r\n[    0.715143] clocksource: Switched to clocksource xen\r\n[    0.725693] VFS: Disk quotas dquot_6.6.0\r\n[    0.730190] VFS: Dquot-cache hash table entries: 512 (order 0, 4096 bytes)\r\n[    0.737411] pnp: PnP ACPI init\r\n[    0.741629] system 00:00: [mem 0x00000000-0x0009ffff] could not be reserved\r\n[    0.749446] system 00:01: [io  0x08a0-0x08a3] has been reserved\r\n[    0.760655] system 00:01: [io  0x0cc0-0x0ccf] has been reserved\r\n[    0.767109] system 00:01: [io  0x04d0-0x04d1] has been reserved\r\n[    0.773663] system 00:07: [io  0x10c0-0x1141] has been reserved\r\n[    0.780374] system 00:07: [io  0xb044-0xb047] has been reserved\r\n[    0.787035] random: fast init done\r\n[    0.816995] pnp: PnP ACPI: found 8 devices\r\n[    0.827764] clocksource: acpi_pm: mask: 0xffffff max_cycles: 0xffffff, max_idle_ns: 2085701024 ns\r\n[    0.835820] NET: Registered protocol family 2\r\n[    0.841049] TCP established hash table entries: 8192 (order: 4, 65536 bytes)\r\n[    0.846943] TCP bind hash table entries: 8192 (order: 5, 131072 bytes)\r\n[    0.852312] TCP: Hash tables configured (established 8192 bind 8192)\r\n[    0.857719] UDP hash table entries: 512 (order: 2, 16384 bytes)\r\n[    0.862911] UDP-Lite hash table entries: 512 (order: 2, 16384 bytes)\r\n[    0.868268] NET: Registered protocol family 1\r\n[    0.872235] pci 0000:00:00.0: Limiting direct PCI/PCI transfers\r\n[    0.877461] pci 0000:00:01.0: PIIX3: Enabling Passive Release\r\n[    0.882439] pci 0000:00:01.0: Activating ISA DMA hang workarounds\r\n[    0.888143] pci 0000:00:02.0: Video device with shadowed ROM at [mem 0x000c0000-0x000dffff]\r\n[    0.897589] Unpacking initramfs...\r\n[    0.980093] Freeing initrd memory: 30680K\r\n[    0.984970] Scanning for low memory corruption every 60 seconds\r\n[    0.991685] audit: initializing netlink subsys (disabled)\r\n[    0.997694] Initialise system trusted keyrings\r\n[    1.002122] Key type blacklist registered\r\n[    1.006316] audit: type=2000 audit(1581277598.754:1): state=initialized audit_enabled=0 res=1\r\n[    1.014622] workingset: timestamp_bits=36 max_order=18 bucket_order=0\r\n[    1.021627] zbud: loaded\r\n[    1.189959] Key type asymmetric registered\r\n[    1.194722] Asymmetric key parser 'x509' registered\r\n[    1.200115] Block layer SCSI generic (bsg) driver version 0.4 loaded (major 251)\r\n[    1.207686] io scheduler noop registered (default)\r\n[    1.213030] io scheduler cfq registered\r\n[    1.217843] crc32: CRC_LE_BITS = 64, CRC_BE BITS = 64\r\n[    1.223088] crc32: self tests passed, processed 225944 bytes in 161840 nsec\r\n[    1.229867] crc32c: CRC_LE_BITS = 64\r\n[    1.234133] crc32c: self tests passed, processed 225944 bytes in 81033 nsec\r\n[    1.254793] crc32_combine: 8373 self tests passed\r\n[    1.273775] crc32c_combine: 8373 self tests passed\r\n[    1.279593] xen:grant_table: Grant tables using version 1 layout\r\n[    1.284683] Grant table initialized\r\n[    1.288694] Cannot get hvm parameter CONSOLE_EVTCHN (18): -22!\r\n[    1.294485] Serial: 8250/16550 driver, 4 ports, IRQ sharing disabled\r\n[    1.333336] 00:06: ttyS0 at I/O 0x3f8 (irq = 4, base_baud = 115200) is a 16550A\r\n[    1.343194] xen_netfront: Initialising Xen virtual ethernet driver\r\n[    1.351557] i8042: PNP: PS/2 Controller [PNP0303:PS2K,PNP0f13:PS2M] at 0x60,0x64 irq 1,12\r\n[    1.370782] serio: i8042 KBD port at 0x60,0x64 irq 1\r\n[    1.376901] serio: i8042 AUX port at 0x60,0x64 irq 12\r\n[    1.384906] input: AT Translated Set 2 keyboard as /devices/platform/i8042/serio0/input/input0\r\n[    1.397202] rtc_cmos 00:02: rtc core: registered rtc_cmos as rtc0\r\n[    1.404094] rtc_cmos 00:02: alarms up to one day, 114 bytes nvram, hpet irqs\r\n[    1.411175] hidraw: raw HID events driver (C) Jiri Kosina\r\n[    1.416667] NET: Registered protocol family 17\r\n[    1.421665] sched_clock: Marking stable (1421224833, 0)->(2468258088, -1047033255)\r\n[    1.429662] registered taskstats version 1\r\n[    1.434276] Loading compiled-in X.509 certificates\r\n[    1.441871] Loaded X.509 cert 'Build time autogenerated kernel key: cbdb05ed4acec262b5f8239157440731aae9b380'\r\n[    1.451691] zswap: loaded using pool lzo/zbud\r\n[    1.456523] ima: No TPM chip found, activating TPM-bypass! (rc=-19)\r\n[    1.462791] ima: Allocated hash algorithm: sha1\r\n[    1.572104] xenbus_probe_frontend: Device with no driver: device/vbd/51712\r\n[    1.579380] rtc_cmos 00:02: setting system clock to 2020-02-09 19:46:39 UTC (1581277599)\r\n[    1.590901] Freeing unused kernel memory: 2080K\r\n[    1.604086] Write protecting the kernel read-only data: 16384k\r\n[    1.611878] Freeing unused kernel memory: 2016K\r\n[    1.619946] Freeing unused kernel memory: 1324K\r\n[    1.664364] systemd[1]: Inserted module 'autofs4'\r\n[    1.682547] NET: Registered protocol family 10\r\n[    1.689415] Segment Routing with IPv6\r\n[    1.693798] systemd[1]: Inserted module 'ipv6'\r\n[    1.699520] random: systemd: uninitialized urandom read (16 bytes read)\r\n[    1.706518] random: systemd: uninitialized urandom read (16 bytes read)\r\n[    1.713619] random: systemd: uninitialized urandom read (16 bytes read)\r\n[    1.721447] systemd[1]: systemd 219 running in system mode. (+PAM +AUDIT +SELINUX +IMA -APPARMOR +SMACK +SYSVINIT +UTMP +LIBCRYPTSETUP +GCRYPT +GNUTLS +ACL +XZ +LZ4 -SECCOMP +BLKID +ELFUTILS +KMOD +IDN)\r\n[    1.750378] systemd[1]: Detected virtualization xen.\r\n[    1.756231] systemd[1]: Detected architecture x86-64.\r\n[    1.763567] systemd[1]: Running in initial RAM disk.\r\n\r\nWelcome to \u001b[0;34mAmazon Linux 2 dracut-033-535.amzn2.1.3 (Initramfs)\u001b[0m!\r\n\r\n[    1.776563] systemd[1]: No hostname configured.\r\n[    1.782643] systemd[1]: Set hostname to <localhost>.\r\n[    1.789073] systemd[1]: Initializing machine ID from random generator.\r\n[\u001b[32m  OK  \u001b[0m] Reached target Swap.\r\n[    1.830377] systemd[1]: Reached target Swap.\r\n[    1.836215] systemd[1]: Starting Swap.\r\n[\u001b[32m  OK  \u001b[0m] Reached target Local File Systems.\r\n[    1.845491] systemd[1]: Reached target Local File Systems.\r\n[\u001b[32m  OK  \u001b[0m] Created slice Root Slice.\r\n[\u001b[32m  OK  \u001b[0m] Created slice System Slice.\r\n[\u001b[32m  OK  \u001b[0m] Listening on udev Kernel Socket.\r\n[\u001b[32m  OK  \u001b[0m] Listening on udev Control Socket.\r\n[\u001b[32m  OK  \u001b[0m] Reached target Slices.\r\n[\u001b[32m  OK  \u001b[0m] Reached target Timers.\r\n[\u001b[32m  OK  \u001b[0m] Reached target Local Encrypted Volumes.\r\n[\u001b[32m  OK  \u001b[0m] Listening on Journal Socket.\r\n         Starting Setup Virtual Console...\r\n         Starting Create list of required st... nodes for the current kernel...\r\n         Starting Journal Service...\r\n         Starting dracut cmdline hook...\r\n[\u001b[32m  OK  \u001b[0m] Reached target Sockets.\r\n         Starting Apply Kernel Variables...\r\n[\u001b[32m  OK  \u001b[0m] Started Journal Service.\r\n[\u001b[32m  OK  \u001b[0m] Started Setup Virtual Console.\r\n[\u001b[32m  OK  \u001b[0m] Started Create list of required sta...ce nodes for the current kernel.\r\n[\u001b[32m  OK  \u001b[0m] Started Apply Kernel Variables.\r\n         Starting Create Static Device Nodes in /dev...\r\n[\u001b[32m  OK  \u001b[0m] Started Create Static Device Nodes in /dev.\r\n[    2.016088] tsc: Refined TSC clocksource calibration: 2400.001 MHz\r\n[    2.023949] clocksource: tsc: mask: 0xffffffffffffffff max_cycles: 0x22983858435, max_idle_ns: 440795258295 ns\r\n[\u001b[32m  OK  \u001b[0m] Started dracut cmdline hook.\r\n         Starting dracut pre-udev hook...\r\n[    2.079408] device-mapper: uevent: version 1.0.3\r\n[    2.085091] device-mapper: ioctl: 4.37.0-ioctl (2017-09-20) initialised: dm-devel@redhat.com\r\n[\u001b[32m  OK  \u001b[0m] Started dracut pre-udev hook.\r\n         Starting udev Kernel Device Manager...\r\n[\u001b[32m  OK  \u001b[0m] Started udev Kernel Device Manager.\r\n         Starting dracut pre-trigger hook...\r\n[\u001b[32m  OK  \u001b[0m] Started dracut pre-trigger hook.\r\n         Starting udev Coldplug all Devices...\r\n[\u001b[32m  OK  \u001b[0m] Started udev Coldplug all Devices.\r\n         Starting Show Plymouth Boot Screen...\r\n         Starting dracut initqueue hook...\r\r\n[\u001b[32m  OK  \u001b[0m] Reached target System Initialization.\r\r\n[    2.379667] SCSI subsystem initialized\r\n[\u001b[32m  OK  \u001b[0m] Started Show Plymouth Boot Screen.\r\r\n[\u001b[32m  OK  \u001b[0m] Reached target Paths.\r\r\n[\u001b[32m  OK  \u001b[0m] Reached target Basic System.\r\r\n[    2.432265] Invalid max_queues (4), will use default max: 1.\r\n\u001b%G[    2.453369] AVX2 version of gcm_enc/dec engaged.\r\n[    2.458173] AES CTR mode by8 optimization enabled\r\n[    2.467795] scsi host0: ata_piix\r\n[    2.471747] scsi host1: ata_piix\r\n[    2.478192] ata1: PATA max MWDMA2 cmd 0x1f0 ctl 0x3f6 bmdma 0xc100 irq 14\r\n[    2.484025] ata2: PATA max MWDMA2 cmd 0x170 ctl 0x376 bmdma 0xc108 irq 15\r\n[    2.507731] alg: No test for pcbc(aes) (pcbc-aes-aesni)\r\n[    2.516538] blkfront: xvda: barrier or flush: disabled; persistent grants: disabled; indirect descriptors: enabled;\r\n[    2.548868]  xvda: xvda1\r\n[\u001b[32m  OK  \u001b[0m] Found device /dev/disk/by-uuid/afcf1342-1d40-41bd-bde9-e4ea5d87e3b6.\r\r\n         Starting File System Check on /dev/...2-1d40-41bd-bde9-e4ea5d87e3b6...\r\r\n[\u001b[32m  OK  \u001b[0m] Started File System Check on /dev/d...342-1d40-41bd-bde9-e4ea5d87e3b6.\r\r\n[\u001b[32m  OK  \u001b[0m] Started dracut initqueue hook.\r\r\n[\u001b[32m  OK  \u001b[0m] Reached target Remote File Systems (Pre).\r\r\n[\u001b[32m  OK  \u001b[0m] Reached target Remote File Systems.\r\r\n         Starting dracut pre-mount hook...\r\r\n[\u001b[32m  OK  \u001b[0m] Started dracut pre-mount hook.\r\r\n         Mounting /sysroot...\r\r\n[    2.747703] SGI XFS with ACLs, security attributes, no debug enabled\r\n[    2.757041] XFS (xvda1): Mounting V5 Filesystem\r\n[    4.040130] XFS (xvda1): Ending clean mount\r\n[\u001b[32m  OK  \u001b[0m] Mounted /sysroot.\r\r\n[\u001b[32m  OK  \u001b[0m] Reached target Initrd Root File System.\r\r\n         Starting Reload Configuration from the Real Root...\r\r\n[\u001b[32m  OK  \u001b[0m] Started Reload Configuration from the Real Root.\r\r\n[\u001b[32m  OK  \u001b[0m] Reached target Initrd File Systems.\r\r\n[\u001b[32m  OK  \u001b[0m] Reached target Initrd Default Target.\r\r\n         Starting dracut pre-pivot and cleanup hook...\r\r\n[\u001b[32m  OK  \u001b[0m] Started dracut pre-pivot and cleanup hook.\r\r\n         Starting Cleaning Up and Shutting Down Daemons...\r\r\n[\u001b[32m  OK  \u001b[0m] Stopped Cleaning Up and Shutting Down Daemons.\r\r\n         Starting Plymouth switch root service...\r\r\n[\u001b[32m  OK  \u001b[0m] Stopped dracut pre-pivot and cleanup hook.\r\r\n         Stopping dracut pre-pivot and cleanup hook...\r\r\n[\u001b[32m  OK  \u001b[0m] Stopped target Remote File Systems.\r\r\n[\u001b[32m  OK  \u001b[0m] Stopped target Remote File Systems (Pre).\r\r\n[\u001b[32m  OK  \u001b[0m] Stopped target Timers.\r\r\n[\u001b[32m  OK  \u001b[0m] Stopped target Initrd Default Target.\r\r\n[\u001b[32m  OK  \u001b[0m] Stopped target Basic System.\r\r\n[\u001b[32m  OK  \u001b[0m] Stopped target Slices.\r\r\n[\u001b[32m  OK  \u001b[0m] Stopped target Paths.\r\r\n[\u001b[32m  OK  \u001b[0m] Stopped target Sockets.\r\r\n[\u001b[32m  OK  \u001b[0m] Stopped target System Initialization.\r\r\n[\u001b[32m  OK  \u001b[0m] Stopped target Swap.\r\r\n[\u001b[32m  OK  \u001b[0m] Stopped target Local File Systems.\r\r\n[\u001b[32m  OK  \u001b[0m] Stopped Apply Kernel Variables.\r\r\n         Stopping Apply Kernel Variables...\r\r\n[\u001b[32m  OK  \u001b[0m] Stopped dracut pre-mount hook.\r\r\n         Stopping dracut pre-mount hook...\r\r\n[\u001b[32m  OK  \u001b[0m] Stopped dracut initqueue hook.\r\r\n         Stopping dracut initqueue hook...\r\r\n[\u001b[32m  OK  \u001b[0m] Stopped udev Coldplug all Devices.\r\r\n         Stopping udev Coldplug all Devices...\r\r\n[\u001b[32m  OK  \u001b[0m] Stopped dracut pre-trigger hook.\r\r\n         Stopping dracut pre-trigger hook...\r\r\n         Stopping udev Kernel Device Manager...\r\r\n[\u001b[32m  OK  \u001b[0m] Stopped target Local Encrypted Volumes.\r\r\n[\u001b[32m  OK  \u001b[0m] Stopped udev Kernel Device Manager.\r\r\n[\u001b[32m  OK  \u001b[0m] Stopped Create Static Device Nodes in /dev.\r\r\n         Stopping Create Static Device Nodes in /dev...\r\r\n[\u001b[32m  OK  \u001b[0m] Stopped Create list of required sta...ce nodes for the current kernel.\r\r\n         Stopping Create list of required st... nodes for the current kernel...\r\r\n[\u001b[32m  OK  \u001b[0m] Stopped dracut pre-udev hook.\r\r\n         Stopping dracut pre-udev hook...\r\r\n[\u001b[32m  OK  \u001b[0m] Stopped dracut cmdline hook.\r\r\n         Stopping dracut cmdline hook...\r\r\n[\u001b[32m  OK  \u001b[0m] Closed udev Kernel Socket.\r\r\n[\u001b[32m  OK  \u001b[0m] Closed udev Control Socket.\r\r\n         Starting Cleanup udevd DB...\r\r\n[\u001b[32m  OK  \u001b[0m] Started Cleanup udevd DB.\r\r\n[\u001b[32m  OK  \u001b[0m] Reached target Switch Root.\r\r\n[\u001b[32m  OK  \u001b[0m] Started Plymouth switch root service.\r\r\n         Starting Switch Root...\r\r\n[    4.453635] systemd-journald[934]: Received SIGTERM from PID 1 (systemd).\r\n[    4.525148] systemd: 25 output lines suppressed due to ratelimiting\r\n[    4.871553] SELinux:  Disabled at runtime.\r\n[    4.884103] audit: type=1404 audit(1581277602.804:2): selinux=0 auid=4294967295 ses=4294967295\r\n[    5.350617] ip_tables: (C) 2000-2006 Netfilter Core Team\r\n[    5.355825] systemd[1]: Inserted module 'ip_tables'\r\n\r\r\nWelcome to \u001b[0;33mAmazon Linux 2\u001b[0m!\r\r\n\r\r\n[    6.177117] random: crng init done\r\n[    6.181213] random: 7 urandom warning(s) missed due to ratelimiting\r\n[\u001b[32m  OK  \u001b[0m] Stopped Switch Root.\r\r\n[\u001b[32m  OK  \u001b[0m] Stopped Journal Service.\r\r\n         Starting Journal Service...\r\r\n[\u001b[32m  OK  \u001b[0m] Set up automount Arbitrary Executab...ats File System Automount Point.\r\r\n[\u001b[32m  OK  \u001b[0m] Created slice system-selinux\\x2dpol...grate\\x2dlocal\\x2dchanges.slice.\r\r\n[\u001b[32m  OK  \u001b[0m] Listening on LVM2 metadata daemon socket.\r\r\n         Mounting POSIX Message Queue File System...\r\r\n[\u001b[32m  OK  \u001b[0m] Listening on udev Control Socket.\r\r\n         Mounting Debug File System...\r\r\n[\u001b[32m  OK  \u001b[0m] Created slice system-serial\\x2dgetty.slice.\r\r\n[\u001b[32m  OK  \u001b[0m] Listening on Device-mapper event daemon FIFOs.\r\r\n         Starting Monitoring of LVM2 mirrors... dmeventd or progress polling...\r\r\n[\u001b[32m  OK  \u001b[0m] Reached target Swap.\r\r\n[\u001b[32m  OK  \u001b[0m] Created slice system-getty.slice.\r\r\n[\u001b[32m  OK  \u001b[0m] Stopped target Switch Root.\r\r\n[\u001b[32m  OK  \u001b[0m] Stopped target Initrd File Systems.\r\r\n[\u001b[32m  OK  \u001b[0m] Stopped target Initrd Root File System.\r\r\n[\u001b[32m  OK  \u001b[0m] Listening on Delayed Shutdown Socket.\r\r\n[\u001b[32m  OK  \u001b[0m] Created slice User and Session Slice.\r\r\n         Starting Create list of required st... nodes for the current kernel...\r\r\n         Starting Remount Root and Kernel File Systems...\r\r\n         Starting Load Kernel Modules...\r\r\n[\u001b[32m  OK  \u001b[0m] Listening on udev Kernel Socket.\r\r\n[\u001b[32m  OK  \u001b[0m] Listening on LVM2 poll daemon socket.\r\r\n[\u001b[32m  OK  \u001b[0m] Reached target Slices.\r\r\n         Starting Read and set NIS domainname from /etc/sysconfig/network...\r\r\n[\u001b[32m  OK  \u001b[0m] Listening on /dev/initctl Compatibility Named Pipe.\r\r\n         Mounting Huge Pages File System...\r\r\n[\u001b[32m  OK  \u001b[0m] Started Read and set NIS domainname from /etc/sysconfig/network.\r\r\n[\u001b[32m  OK  \u001b[0m] Mounted Debug File System.\r\r\n[\u001b[32m  OK  \u001b[0m] Mounted POSIX Message Queue File System.\r\r\n[\u001b[32m  OK  \u001b[0m] Mounted Huge Pages File System.\r\r\n[\u001b[32m  OK  \u001b[0m] Started LVM2 metadata daemon.\r\r\n         Starting LVM2 metadata daemon...\r\r\n[\u001b[32m  OK  \u001b[0m] Started Journal Service.\r\r\n[\u001b[32m  OK  \u001b[0m] Started Create list of required sta...ce nodes for the current kernel.\r\r\n         Starting Create Static Device Nodes in /dev...\r\r\n[    6.667138] ena: Elastic Network Adapter (ENA) v2.1.3g\r\n[\u001b[32m  OK  \u001b[0m] Started Load Kernel Modules.\r\r\n         Starting Apply Kernel Variables...\r\r\n[\u001b[32m  OK  \u001b[0m] Started Remount Root and Kernel File Systems.\r\r\n         Starting Configure read-only root support...\r\r\n         Starting Flush Journal to Persistent Storage...\r\r\n         Starting Rebuild Hardware Database...\r\r\n[\u001b[32m  OK  \u001b[0m] Started Configure read-only root support.\r\r\n         Starting Load/Save Random Seed...\r\r\n[\u001b[32m  OK  \u001b[0m] Started Apply Kernel Variables.\r\r\n[\u001b[32m  OK  \u001b[0m] Started Load/Save Random Seed.\r\r\n[    6.901591] systemd-journald[1932]: Received request to flush runtime journal from PID 1\r\n[\u001b[32m  OK  \u001b[0m] Started Flush Journal to Persistent Storage.\r\r\n[\u001b[32m  OK  \u001b[0m] Started Create Static Device Nodes in /dev.\r\r\n         Starting udev Kernel Device Manager...\r\r\n[\u001b[32m  OK  \u001b[0m] Started udev Kernel Device Manager.\r\r\n[\u001b[32m  OK  \u001b[0m] Started Rebuild Hardware Database.\r\r\n         Starting udev Coldplug all Devices...\r\r\n[\u001b[32m  OK  \u001b[0m] Started udev Coldplug all Devices.\r\r\n         Starting udev Wait for Complete Device Initialization...\r\r\n[    7.844750] input: Power Button as /devices/LNXSYSTM:00/LNXPWRBN:00/input/input3\r\n[    7.860157] ACPI: Power Button [PWRF]\r\n[    7.864018] input: Sleep Button as /devices/LNXSYSTM:00/LNXSLPBN:00/input/input4\r\n[    7.870911] ACPI: Sleep Button [SLPF]\r\n[    7.916498] input: ImExPS/2 Generic Explorer Mouse as /devices/platform/i8042/serio1/input/input5\r\n[\u001b[32m  OK  \u001b[0m] Found device /dev/ttyS0.\r\r\n[    8.020570] EDAC sbridge: Seeking for: PCI ID 8086:2fa0\r\n[    8.024441] EDAC sbridge:  Ver: 1.1.2 \r\n[    8.032875] mousedev: PS/2 mouse device common for all mice\r\n\u001b%G[\u001b[32m  OK  \u001b[0m] Started Monitoring of LVM2 mirrors,...ng dmeventd or progress polling.\r\r\n[\u001b[32m  OK  \u001b[0m] Reached target Local File Systems (Pre).\r\r\n[\u001b[32m  OK  \u001b[0m] Created slice system-ec2net\\x2difup.slice.\r\r\n[\u001b[32m  OK  \u001b[0m] Started udev Wait for Complete Device Initialization.\r\r\n         Starting Activation of DM RAID sets...\r\r\n[\u001b[32m  OK  \u001b[0m] Started Activation of DM RAID sets.\r\r\n[\u001b[32m  OK  \u001b[0m] Reached target Local File Systems.\r\r\n         Starting Mark the need to relabel after reboot...\r\r\n         Starting Preprocess NFS configuration...\r\r\n         Starting Create Volatile Files and Directories...\r\r\n         Starting Rebuild Journal Catalog...\r\r\n         Starting Tell Plymouth To Write Out Runtime Data...\r\r\n[\u001b[32m  OK  \u001b[0m] Reached target Local Encrypted Volumes.\r\r\n[\u001b[32m  OK  \u001b[0m] Started Rebuild Journal Catalog.\r\r\n[\u001b[32m  OK  \u001b[0m] Started Create Volatile Files and Directories.\r\r\n         Starting Security Auditing Service...\r\r\n         Mounting RPC Pipe File System...\r\r\n         Starting Update is Completed...\r\r\n[\u001b[32m  OK  \u001b[0m] Started Update is Completed.\r\r\n[\u001b[32m  OK  \u001b[0m] Started Preprocess NFS configuration.\r\r\n[    8.221544] RPC: Registered named UNIX socket transport module.\r\n[    8.226150] RPC: Registered udp transport module.\r\n[    8.230941] RPC: Registered tcp transport module.\r\n[    8.234605] RPC: Registered tcp NFSv4.1 backchannel transport module.\r\n[\u001b[32m  OK  \u001b[0m] Started Mark the need to relabel after reboot.\r\r\n[\u001b[32m  OK  \u001b[0m] Started Tell Plymouth To Write Out Runtime Data.\r\r\n[\u001b[32m  OK  \u001b[0m] Mounted RPC Pipe File System.\r\r\n[\u001b[32m  OK  \u001b[0m] Reached target rpc_pipefs.target.\r\r\n[\u001b[32m  OK  \u001b[0m] Started Security Auditing Service.\r\r\n         Starting Update UTMP about System Boot/Shutdown...\r\r\n[\u001b[32m  OK  \u001b[0m] Started Update UTMP about System Boot/Shutdown.\r\r\n[\u001b[32m  OK  \u001b[0m] Reached target System Initialization.\r\r\n[\u001b[32m  OK  \u001b[0m] Listening on RPCbind Server Activation Socket.\r\r\n         Starting RPC bind service...\r\r\n[\u001b[32m  OK  \u001b[0m] Reached target Paths.\r\r\n[\u001b[32m  OK  \u001b[0m] Reached target Timers.\r\r\n[\u001b[32m  OK  \u001b[0m] Listening on D-Bus System Message Bus Socket.\r\r\n[\u001b[32m  OK  \u001b[0m] Reached target Sockets.\r\r\n[\u001b[32m  OK  \u001b[0m] Reached target Basic System.\r\r\n[\u001b[32m  OK  \u001b[0m] Started Hardware RNG Entropy Gatherer Daemon.\r\r\n         Starting Hardware RNG Entropy Gatherer Daemon...\r\r\n         Starting Resets System Activity Logs...\r\r\n         Starting NTP client/server...\r\r\n         Starting ACPI Event Daemon...\r\r\n         Starting GSSAPI Proxy Daemon...\r\r\n[\u001b[32m  OK  \u001b[0m] Started libstoragemgmt plug-in server daemon.\r\r\n         Starting libstoragemgmt plug-in server daemon...\r\r\n[\u001b[32m  OK  \u001b[0m] Started irqbalance daemon.\r\r\n         Starting irqbalance daemon...\r\r\n         Starting Dump dmesg to /var/log/dmesg...\r\r\n         Starting Initial cloud-init job (pre-networking)...\r\r\n[\u001b[32m  OK  \u001b[0m] Started D-Bus System Message Bus.\r\r\n         Starting D-Bus System Message Bus...\r\r\n         Starting Login Service...\r\r\n[\u001b[32m  OK  \u001b[0m] Started RPC bind service.\r\r\n[\u001b[32m  OK  \u001b[0m] Started GSSAPI Proxy Daemon.\r\r\n[\u001b[32m  OK  \u001b[0m] Started Dump dmesg to /var/log/dmesg.\r\r\n[\u001b[32m  OK  \u001b[0m] Reached target NFS client services.\r\r\n[\u001b[32m  OK  \u001b[0m] Reached target Remote File Systems (Pre).\r\r\n[\u001b[32m  OK  \u001b[0m] Reached target Remote File Systems.\r\r\n[\u001b[32m  OK  \u001b[0m] Started ACPI Event Daemon.\r\r\n[\u001b[32m  OK  \u001b[0m] Started Resets System Activity Logs.\r\r\n[\u001b[32m  OK  \u001b[0m] Started Login Service.\r\r\n[\u001b[32m  OK  \u001b[0m] Started NTP client/server.\r\r\n[\u001b[32m  OK  \u001b[0m] Started Initial cloud-init job (pre-networking).\r\r\n[\u001b[32m  OK  \u001b[0m] Reached target Network (Pre).\r\r\n         Starting LSB: Bring up/down networking...\r\r\n[   10.613833] cloud-init[2692]: Cloud-init v. 18.5-2.amzn2 running 'init-local' at Sun, 09 Feb 2020 19:46:48 +0000. Up 10.52 seconds.\r\r\n[\u001b[32m  OK  \u001b[0m] Started LSB: Bring up/down networking.\r\r\n         Starting Initial cloud-init job (metadata service crawler)...\r\r\n[\u001b[32m  OK  \u001b[0m] Reached target Network.\r\r\n         Starting Postfix Mail Transport Agent...\r\r\n[   12.933272] cloud-init[3070]: Cloud-init v. 18.5-2.amzn2 running 'init' at Sun, 09 Feb 2020 19:46:50 +0000. Up 12.88 seconds.\r\r\n[   12.972159] cloud-init[3070]: ci-info: ++++++++++++++++++++++++++++++++++++++Net device info+++++++++++++++++++++++++++++++++++++++\r\r\n[   12.972367] cloud-init[3070]: ci-info: +--------+------+-----------------------------+---------------+--------+-------------------+\r\r\n[   12.972494] cloud-init[3070]: ci-info: | Device |  Up  |           Address           |      Mask     | Scope  |     Hw-Address    |\r\r\n[   12.972604] cloud-init[3070]: ci-info: +--------+------+-----------------------------+---------------+--------+-------------------+\r\r\n[   12.972716] cloud-init[3070]: ci-info: |  eth0  | True |        172.31.19.160        | 255.255.240.0 | global | 06:a5:e1:ee:e1:bc |\r\r\n[   12.972832] cloud-init[3070]: ci-info: |  eth0  | True | fe80::4a5:e1ff:feee:e1bc/64 |       .       |  link  | 06:a5:e1:ee:e1:bc |\r\r\n[   12.972937] cloud-init[3070]: ci-info: |   lo   | True |          127.0.0.1          |   255.0.0.0   |  host  |         .         |\r\r\n[   12.973043] cloud-init[3070]: ci-info: |   lo   | True |           ::1/128           |       .       |  host  |         .         |\r\r\n[   12.973153] cloud-init[3070]: ci-info: +--------+------+-----------------------------+---------------+--------+-------------------+\r\r\n[   12.973256] cloud-init[3070]: ci-info: ++++++++++++++++++++++++++++++++Route IPv4 info++++++++++++++++++++++++++++++++\r\r\n[   12.973360] cloud-init[3070]: ci-info: +-------+-----------------+-------------+-----------------+-----------+-------+\r\r\n[   12.973464] cloud-init[3070]: ci-info: | Route |   Destination   |   Gateway   |     Genmask     | Interface | Flags |\r\r\n[   12.973573] cloud-init[3070]: ci-info: +-------+-----------------+-------------+-----------------+-----------+-------+\r\r\n[   12.973689] cloud-init[3070]: ci-info: |   0   |     0.0.0.0     | 172.31.16.1 |     0.0.0.0     |    eth0   |   UG  |\r\r\n[   12.973794] cloud-init[3070]: ci-info: |   1   | 169.254.169.254 |   0.0.0.0   | 255.255.255.255 |    eth0   |   UH  |\r\r\n[   12.973901] cloud-init[3070]: ci-info: |   2   |   172.31.16.0   |   0.0.0.0   |  255.255.240.0  |    eth0   |   U   |\r\r\n[   12.974009] cloud-init[3070]: ci-info: +-------+-----------------+-------------+-----------------+-----------+-------+\r\r\n[   12.974118] cloud-init[3070]: ci-info: +++++++++++++++++++Route IPv6 info+++++++++++++++++++\r\r\n[   12.974232] cloud-init[3070]: ci-info: +-------+-------------+---------+-----------+-------+\r\r\n[   12.974336] cloud-init[3070]: ci-info: | Route | Destination | Gateway | Interface | Flags |\r\r\n[   12.974456] cloud-init[3070]: ci-info: +-------+-------------+---------+-----------+-------+\r\r\n[   12.974561] cloud-init[3070]: ci-info: |   9   |  fe80::/64  |    ::   |    eth0   |   U   |\r\r\n[   12.974667] cloud-init[3070]: ci-info: |   11  |    local    |    ::   |    eth0   |   U   |\r\r\n[   12.974784] cloud-init[3070]: ci-info: |   12  |   ff00::/8  |    ::   |    eth0   |   U   |\r\r\n[   12.974889] cloud-init[3070]: ci-info: +-------+-------------+---------+-----------+-------+\r\r\n[\u001b[32m  OK  \u001b[0m] Started Postfix Mail Transport Agent.\r\r\n         Starting Hostname Service...\r\r\n[\u001b[32m  OK  \u001b[0m] Started Hostname Service.\r\r\n[\u001b[32m  OK  \u001b[0m] Started Initial cloud-init job (metadata service crawler).\r\r\n         Starting Permit User Sessions...\r\r\n[\u001b[32m  OK  \u001b[0m] Reached target Network is Online.\r\r\n         Starting Notify NFS peers of a restart...\r\r\n[\u001b[32m  OK  \u001b[0m] Started amazon-ssm-agent.\r\r\n         Starting amazon-ssm-agent...\r\r\n         Starting System Logging Service...\r\r\n         Starting Dynamically Generate Message Of The Day...\r\r\n[\u001b[32m  OK  \u001b[0m] Reached target Cloud-config availability.\r\r\n         Starting Apply the settings specified in cloud-config...\r\r\n         Starting OpenSSH Server Key Generation...\r\r\n[\u001b[32m  OK  \u001b[0m] Started Permit User Sessions.\r\r\n[\u001b[32m  OK  \u001b[0m] Started Notify NFS peers of a restart.\r\r\n[\u001b[32m  OK  \u001b[0m] Started System Logging Service.\r\r\n         Starting Wait for Plymouth Boot Screen to Quit...\r\r\n[\u001b[32m  OK  \u001b[0m] Started Job spooling tools.\r\r\n         Starting Job spooling tools...\r\r\n[\u001b[32m  OK  \u001b[0m] Started Command Scheduler.\r\r\n         Starting Command Scheduler...\r\r\n         Starting Terminate Plymouth Boot Screen...\r\r\n[   14.856859] cloud-init[3216]: Cloud-init v. 18.5-2.amzn2 running 'modules:config' at Sun, 09 Feb 2020 19:46:52 +0000. Up 14.71 seconds.\r\n[   15.885081] cloud-init[3216]: Loaded plugins: extras_suggestions, langpacks, priorities, update-motd\r\n[   15.921813] cloud-init[3216]: Existing lock /var/run/yum.pid: another copy is running as pid 3299.\r\n[   15.941075] cloud-init[3216]: Another app is currently holding the yum lock; waiting for it to exit...\r\n[   15.956377] cloud-init[3216]: The other application is: yum\r\n[   15.964378] cloud-init[3216]: Memory :  31 M RSS (321 MB VSZ)\r\n[   15.973644] cloud-init[3216]: Started: Sun Feb  9 19:46:51 2020 - 00:02 ago\r\n[   15.984776] cloud-init[3216]: State  : Running, pid: 3299\r\n[   17.942116] cloud-init[3216]: Another app is currently holding the yum lock; waiting for it to exit...\r\n[   17.948150] cloud-init[3216]: The other application is: yum\r\n[   17.953680] cloud-init[3216]: Memory :  54 M RSS (346 MB VSZ)\r\n[   17.959237] cloud-init[3216]: Started: Sun Feb  9 19:46:51 2020 - 00:04 ago\r\n[   17.966222] cloud-init[3216]: State  : Uninterruptible, pid: 3299\r\n[   19.945005] cloud-init[3216]: Another app is currently holding the yum lock; waiting for it to exit...\r\n[   19.962481] cloud-init[3216]: The other application is: yum\r\n[   19.969499] cloud-init[3216]: Memory : 108 M RSS (399 MB VSZ)\r\n[   19.978169] cloud-init[3216]: Started: Sun Feb  9 19:46:51 2020 - 00:06 ago\r\n[   19.985302] cloud-init[3216]: State  : Running, pid: 3299\r\n\r\r\nAmazon Linux 2\r\nKernel 4.14.154-128.181.amzn2.x86_64 on an x86_64\r\n\r\nip-172-31-19-160 login:
[   22.587248] cloud-init[3216]: --> cronie-anacron-1.4.11-23.amzn2.x86_64 from amzn2-core removed (updateinfo)\r\n[   22.607909] cloud-init[3216]: --> sysstat-10.1.5-18.amzn2.0.1.x86_64 from amzn2-core removed (updateinfo)\r\n[   22.618835] cloud-init[3216]: --> sysstat-10.1.5-13.amzn2.x86_64 from installed removed (updateinfo)\r\n[   22.636379] cloud-init[3216]: --> glibc-common-2.26-32.amzn2.0.2.x86_64 from installed removed (updateinfo)\r\n[   22.652390] cloud-init[3216]: --> systemtap-runtime-4.1-0.20190208git4e76869512d2.amzn2.0.2.x86_64 from installed removed (updateinfo)\r\n[   22.672100] cloud-init[3216]: --> 2:microcode_ctl-2.1-47.amzn2.0.5.x86_64 from amzn2-core removed (updateinfo)\r\n[   22.684338] cloud-init[3216]: --> 14:tcpdump-4.9.2-4.amzn2.1.x86_64 from amzn2-core removed (updateinfo)\r\n[   22.698418] cloud-init[3216]: --> krb5-libs-1.15.1-37.amzn2.2.1.x86_64 from installed removed (updateinfo)\r\n[   22.715355] cloud-init[3216]: --> 2:irqbalance-1.5.0-4.amzn2.0.1.x86_64 from amzn2-core removed (updateinfo)\r\n[   22.732502] cloud-init[3216]: --> python-libs-2.7.16-4.amzn2.x86_64 from installed removed (updateinfo)\r\n[   22.744386] cloud-init[3216]: --> ec2-instance-connect-1.1-12.amzn2.noarch from amzn2-core removed (updateinfo)\r\n[   22.760471] cloud-init[3216]: --> python-urlgrabber-3.10-8.amzn2.noarch from installed removed (updateinfo)\r\n[   22.776456] cloud-init[3216]: --> awscli-1.16.300-1.amzn2.0.1.noarch from amzn2-core removed (updateinfo)\r\n[   22.792412] cloud-init[3216]: --> coreutils-8.22-21.amzn2.x86_64 from installed removed (updateinfo)\r\n[   22.804475] cloud-init[3216]: --> glibc-common-2.26-34.amzn2.x86_64 from amzn2-core removed (updateinfo)\r\n[   22.820478] cloud-init[3216]: --> diffutils-3.3-4.amzn2.0.2.x86_64 from installed removed (updateinfo)\r\n[   22.836481] cloud-init[3216]: --> glibc-minimal-langpack-2.26-32.amzn2.0.2.x86_64 from installed removed (updateinfo)\r\n[   22.848494] cloud-init[3216]: --> cloud-init-18.5-2.amzn2.noarch from installed removed (updateinfo)\r\n[   22.857869] cloud-init[3216]: --> nss-util-3.44.0-4.amzn2.x86_64 from amzn2-core removed (updateinfo)\r\n[   22.865498] cloud-init[3216]: --> ec2-utils-1.0-2.amzn2.noarch from installed removed (updateinfo)\r\n[   22.874088] cloud-init[3216]: --> ec2-net-utils-1.1-1.1.amzn2.noarch from installed removed (updateinfo)\r\n[   22.882917] cloud-init[3216]: --> bash-4.2.46-30.amzn2.x86_64 from installed removed (updateinfo)\r\n[   22.891445] cloud-init[3216]: --> glibc-all-langpacks-2.26-34.amzn2.x86_64 from amzn2-core removed (updateinfo)\r\n[   22.900014] cloud-init[3216]: --> libcrypt-2.26-32.amzn2.0.2.x86_64 from installed removed (updateinfo)\r\n[   22.905916] cloud-init[3216]: --> glibc-locale-source-2.26-32.amzn2.0.2.x86_64 from installed removed (updateinfo)\r\n[   22.914439] cloud-init[3216]: --> ca-certificates-2018.2.22-70.0.amzn2.0.1.noarch from installed removed (updateinfo)\r\n[   22.922594] cloud-init[3216]: --> glibc-2.26-34.amzn2.x86_64 from amzn2-core removed (updateinfo)\r\n[   22.944243] cloud-init[3216]: --> cronie-1.4.11-23.amzn2.x86_64 from amzn2-core removed (updateinfo)\r\n[   22.956319] cloud-init[3216]: --> systemd-libs-219-57.amzn2.0.9.x86_64 from installed removed (updateinfo)\r\n[   22.968421] cloud-init[3216]: --> 2:irqbalance-1.5.0-2.amzn2.0.1.x86_64 from installed removed (updateinfo)\r\n[   22.980302] cloud-init[3216]: --> ec2-hibinit-agent-1.0.0-4.amzn2.noarch from installed removed (updateinfo)\r\n[   22.996303] cloud-init[3216]: --> coreutils-8.22-24.amzn2.x86_64 from amzn2-core removed (updateinfo)\r\n[   23.004283] cloud-init[3216]: --> systemd-219-57.amzn2.0.9.x86_64 from installed removed (updateinfo)\r\n[   23.012318] cloud-init[3216]: --> libcrypt-2.26-34.amzn2.x86_64 from amzn2-core removed (updateinfo)\r\n[   23.028345] cloud-init[3216]: --> nss-softokn-freebl-3.44.0-5.amzn2.0.2.x86_64 from installed removed (updateinfo)\r\n[   23.040327] cloud-init[3216]: --> nss-util-3.44.0-3.amzn2.0.2.x86_64 from installed removed (updateinfo)\r\n[   23.056343] cloud-init[3216]: --> 2:microcode_ctl-2.1-47.amzn2.0.4.x86_64 from installed removed (updateinfo)\r\n[   23.064314] cloud-init[3216]: --> glibc-minimal-langpack-2.26-34.amzn2.x86_64 from amzn2-core removed (updateinfo)\r\n[   23.076360] cloud-init[3216]: --> dosfstools-3.0.20-10.amzn2.x86_64 from amzn2-core removed (updateinfo)\r\n[   23.088426] cloud-init[3216]: --> dosfstools-3.0.20-9.amzn2.0.2.x86_64 from installed removed (updateinfo)\r\n[   23.100383] cloud-init[3216]: --> systemd-219-57.amzn2.0.12.x86_64 from amzn2-core removed (updateinfo)\r\n[   23.112413] cloud-init[3216]: --> python-2.7.16-4.amzn2.x86_64 from installed removed (updateinfo)\r\n[   23.124409] cloud-init[3216]: --> ca-certificates-2019.2.32-76.amzn2.0.1.noarch from amzn2-core removed (updateinfo)\r\n[   23.136437] cloud-init[3216]: --> systemd-libs-219-57.amzn2.0.12.x86_64 from amzn2-core removed (updateinfo)\r\n[   23.148498] cloud-init[3216]: --> python-2.7.16-5.amzn2.x86_64 from amzn2-core removed (updateinfo)\r\n[   23.164103] cloud-init[3216]: --> kpatch-runtime-0.8.0-1.amzn2.0.2.noarch from amzn2-core removed (updateinfo)\r\n[   23.172433] cloud-init[3216]: --> python2-botocore-1.12.92-2.amzn2.0.1.noarch from installed removed (updateinfo)\r\n[   23.188478] cloud-init[3216]: --> systemd-sysv-219-57.amzn2.0.12.x86_64 from amzn2-core removed (updateinfo)\r\n[   23.199641] cloud-init[3216]: --> glibc-all-langpacks-2.26-32.amzn2.0.2.x86_64 from installed removed (updateinfo)\r\n[   23.210040] cloud-init[3216]: --> nss-softokn-freebl-3.44.0-8.amzn2.x86_64 from amzn2-core removed (updateinfo)\r\n[   23.226704] cloud-init[3216]: --> ec2-instance-connect-1.1-11.amzn2.noarch from installed removed (updateinfo)\r\n[   23.240338] cloud-init[3216]: --> ec2-hibinit-agent-1.0.1-2.amzn2.noarch from amzn2-core removed (updateinfo)\r\n[   23.248932] cloud-init[3216]: --> nss-softokn-3.44.0-5.amzn2.0.2.x86_64 from installed removed (updateinfo)\r\n[   23.263726] cloud-init[3216]: --> glibc-locale-source-2.26-34.amzn2.x86_64 from amzn2-core removed (updateinfo)\r\n[   23.276464] cloud-init[3216]: --> systemtap-runtime-4.2-1.amzn2.0.1.x86_64 from amzn2-core removed (updateinfo)\r\n[   23.288426] cloud-init[3216]: --> glibc-2.26-32.amzn2.0.2.x86_64 from installed removed (updateinfo)\r\n[   23.304499] cloud-init[3216]: --> ec2-utils-1.1-1.amzn2.noarch from amzn2-core removed (updateinfo)\r\n[   23.316414] cloud-init[3216]: --> python-devel-2.7.16-4.amzn2.x86_64 from installed removed (updateinfo)\r\n[   23.328481] cloud-init[3216]: --> python-libs-2.7.16-5.amzn2.x86_64 from amzn2-core removed (updateinfo)\r\n[   23.348549] cloud-init[3216]: --> awscli-1.16.102-1.amzn2.0.1.noarch from installed removed (updateinfo)\r\n[   23.364460] cloud-init[3216]: --> krb5-libs-1.15.1-37.amzn2.2.2.x86_64 from amzn2-core removed (updateinfo)\r\n[   23.384478] cloud-init[3216]: --> systemd-sysv-219-57.amzn2.0.9.x86_64 from installed removed (updateinfo)\r\n[   23.400107] cloud-init[3216]: --> bash-4.2.46-33.amzn2.x86_64 from amzn2-core removed (updateinfo)\r\n[   23.412454] cloud-init[3216]: --> cronie-1.4.11-19.amzn2.x86_64 from installed removed (updateinfo)\r\n[   23.452475] cloud-init[3216]: --> cronie-anacron-1.4.11-19.amzn2.x86_64 from installed removed (updateinfo)\r\n[   23.484030] cloud-init[3216]: --> python-devel-2.7.16-5.amzn2.x86_64 from amzn2-core removed (updateinfo)\r\n[   23.508121] cloud-init[3216]: --> ec2-net-utils-1.3-1.amzn2.noarch from amzn2-core removed (updateinfo)\r\n[   23.520478] cloud-init[3216]: --> cloud-init-19.3-2.amzn2.noarch from amzn2-core removed (updateinfo)\r\n[   23.536486] cloud-init[3216]: --> python-urlgrabber-3.10-9.amzn2.0.1.noarch from amzn2-core removed (updateinfo)\r\n[   23.551810] cloud-init[3216]: --> python2-botocore-1.13.36-2.amzn2.0.1.noarch from amzn2-core removed (updateinfo)\r\n[   23.577592] cloud-init[3216]: --> at-3.1.13-24.amzn2.x86_64 from amzn2-core removed (updateinfo)\r\n[   23.604452] cloud-init[3216]: --> diffutils-3.3-5.amzn2.x86_64 from amzn2-core removed (updateinfo)\r\n[   23.616440] cloud-init[3216]: --> nss-softokn-3.44.0-8.amzn2.x86_64 from amzn2-core removed (updateinfo)\r\n[   23.632030] cloud-init[3216]: --> kpatch-0.4.0-3.amzn2.noarch from installed removed (updateinfo)\r\n[   23.641542] cloud-init[3216]: --> 14:tcpdump-4.9.2-3.amzn2.x86_64 from installed removed (updateinfo)\r\n[   23.648454] cloud-init[3216]: --> at-3.1.13-23.amzn2.x86_64 from installed removed (updateinfo)\r\n[   23.655277] cloud-init[3216]: 4 package(s) needed (+0 related) for security, out of 42 available\r\n[   23.661875] cloud-init[3216]: Resolving Dependencies\r\n[   23.666513] cloud-init[3216]: --> Running transaction check\r\n[   23.671525] cloud-init[3216]: ---> Package kernel-tools.x86_64 0:4.14.154-128.181.amzn2 will be updated\r\n[   23.678689] cloud-init[3216]: ---> Package kernel-tools.x86_64 0:4.14.165-131.185.amzn2 will be an update\r\n[   23.685488] cloud-init[3216]: ---> Package nss.x86_64 0:3.44.0-4.amzn2.0.2 will be updated\r\n[   23.691781] cloud-init[3216]: ---> Package nss.x86_64 0:3.44.0-7.amzn2 will be an update\r\n[   23.698268] cloud-init[3216]: ---> Package nss-sysinit.x86_64 0:3.44.0-4.amzn2.0.2 will be updated\r\n[   23.704622] cloud-init[3216]: ---> Package nss-sysinit.x86_64 0:3.44.0-7.amzn2 will be an update\r\n[   23.711008] cloud-init[3216]: ---> Package nss-tools.x86_64 0:3.44.0-4.amzn2.0.2 will be updated\r\n[   23.728204] cloud-init[3216]: ---> Package nss-tools.x86_64 0:3.44.0-7.amzn2 will be an update\r\n[   23.735100] cloud-init[3216]: --> Finished Dependency Resolution\r\n[   23.739480] cloud-init[3216]: Dependencies Resolved\r\n[   23.753842] cloud-init[3216]: ================================================================================\r\n[   23.761579] cloud-init[3216]: Package          Arch       Version                       Repository      Size\r\n[   23.768958] cloud-init[3216]: ================================================================================\r\n[   23.776042] cloud-init[3216]: Updating:\r\n[   23.784893] cloud-init[3216]: kernel-tools     x86_64     4.14.165-131.185.amzn2        amzn2-core     122 k\r\n[   23.801241] cloud-init[3216]: nss              x86_64     3.44.0-7.amzn2                amzn2-core     845 k\r\n[   23.808171] cloud-init[3216]: nss-sysinit      x86_64     3.44.0-7.amzn2                amzn2-core      65 k\r\n[   23.815789] cloud-init[3216]: nss-tools        x86_64     3.44.0-7.amzn2                amzn2-core     524 k\r\n[   23.823267] cloud-init[3216]: Transaction Summary\r\n[   23.827573] cloud-init[3216]: ================================================================================\r\n[   23.835116] cloud-init[3216]: Upgrade  4 Packages\r\n[   23.839603] cloud-init[3216]: Total download size: 1.5 M\r\n[   23.844913] cloud-init[3216]: Downloading packages:\r\n[   23.912146] cloud-init[3216]: Delta RPMs disabled because /usr/bin/applydeltarpm not installed.\r\n[   24.067714] cloud-init[3216]: --------------------------------------------------------------------------------\r\n[   24.082702] cloud-init[3216]: Total                                              9.5 MB/s | 1.5 MB  00:00\r\n[   24.104455] cloud-init[3216]: Running transaction check\r\n[   24.121270] cloud-init[3216]: Running transaction test\r\n[   24.139703] cloud-init[3216]: Transaction test succeeded\r\n[   24.148118] cloud-init[3216]: Running transaction\r\n[   24.532624] cloud-init[3216]: Updating   : nss-sysinit-3.44.0-7.amzn2.x86_64                            1/8\r\n[   24.773403] cloud-init[3216]: Updating   : nss-3.44.0-7.amzn2.x86_64                                    2/8\r\n[   24.818568] cloud-init[3216]: Updating   : nss-tools-3.44.0-7.amzn2.x86_64                              3/8\r\n[   24.848145] cloud-init[3216]: Updating   : kernel-tools-4.14.165-131.185.amzn2.x86_64                   4/8\r\n[   24.871623] cloud-init[3216]: Cleanup    : nss-tools-3.44.0-4.amzn2.0.2.x86_64                          5/8\r\n[   24.894145] cloud-init[3216]: Cleanup    : nss-sysinit-3.44.0-4.amzn2.0.2.x86_64                        6/8\r\n[   24.923831] cloud-init[3216]: Cleanup    : nss-3.44.0-4.amzn2.0.2.x86_64                                7/8\r\n[   24.964160] cloud-init[3216]: Cleanup    : kernel-tools-4.14.154-128.181.amzn2.x86_64                   8/8\r\n[   24.986671] cloud-init[3216]: Verifying  : nss-3.44.0-7.amzn2.x86_64                                    1/8\r\n[   25.000143] cloud-init[3216]: Verifying  : kernel-tools-4.14.165-131.185.amzn2.x86_64                   2/8\r\n[   25.020134] cloud-init[3216]: Verifying  : nss-tools-3.44.0-7.amzn2.x86_64                              3/8\r\n[   25.032139] cloud-init[3216]: Verifying  : nss-sysinit-3.44.0-7.amzn2.x86_64                            4/8\r\n[   25.052445] cloud-init[3216]: Verifying  : kernel-tools-4.14.154-128.181.amzn2.x86_64                   5/8\r\n[   25.072448] cloud-init[3216]: Verifying  : nss-tools-3.44.0-4.amzn2.0.2.x86_64                          6/8\r\n[   25.092577] cloud-init[3216]: Verifying  : nss-sysinit-3.44.0-4.amzn2.0.2.x86_64                        7/8\r\n[   25.156223] cloud-init[3216]: Verifying  : nss-3.44.0-4.amzn2.0.2.x86_64                                8/8\r\n[   25.176466] cloud-init[3216]: Updated:\r\n[   25.188400] cloud-init[3216]: kernel-tools.x86_64 0:4.14.165-131.185.amzn2\r\n[   25.212467] cloud-init[3216]: nss.x86_64 0:3.44.0-7.amzn2\r\n[   25.228426] cloud-init[3216]: nss-sysinit.x86_64 0:3.44.0-7.amzn2\r\n[   25.236333] cloud-init[3216]: nss-tools.x86_64 0:3.44.0-7.amzn2\r\n[   25.252415] cloud-init[3216]: Complete!\r\n[   26.046310] cloud-init[3420]: Cloud-init v. 18.5-2.amzn2 running 'modules:final' at Sun, 09 Feb 2020 19:47:03 +0000. Up 25.92 seconds.\r\nci-info: ++++Authorized keys from /home/ec2-user/.ssh/authorized_keys for user ec2-user++++\r\nci-info: +---------+-------------------------------------------------+---------+----------+\r\nci-info: | Keytype |                Fingerprint (md5)                | Options | Comment  |\r\nci-info: +---------+-------------------------------------------------+---------+----------+\r\nci-info: | ssh-rsa | ea:f2:bc:e1:30:55:3d:40:78:28:5c:bd:f5:3e:f9:52 |    -    | ec2-test |\r\nci-info: +---------+-------------------------------------------------+---------+----------+\r\n<14>Feb  9 19:47:04 ec2: \r\n<14>Feb  9 19:47:04 ec2: #############################################################\r\n<14>Feb  9 19:47:04 ec2: -----BEGIN SSH HOST KEY FINGERPRINTS-----\r\n<14>Feb  9 19:47:04 ec2: 256 SHA256:52oWe7oQzZU90OUsCklzmjDQNbfiuXZVcKYXhia0gO4 no comment (ECDSA)\r\n<14>Feb  9 19:47:04 ec2: 256 SHA256:WXSz/blQmWeVHodACkbTqz1TDT9Qg8RYdQf4v3mAsxE no comment (ED25519)\r\n<14>Feb  9 19:47:04 ec2: 2048 SHA256:9ZimsPCXF47lg6VKGallud2CKSjemYmoug5ycF74jPU no comment (RSA)\r\n<14>Feb  9 19:47:04 ec2: -----END SSH HOST KEY FINGERPRINTS-----\r\n<14>Feb  9 19:47:04 ec2: #############################################################\r\n-----BEGIN SSH HOST KEY KEYS-----\r\necdsa-sha2-nistp256 AAAAE2VjZHNhLXNoYTItbmlzdHAyNTYAAAAIbmlzdHAyNTYAAABBBBeQBMW3NCT057l6QFUwTyCTtuPBGWXbwvpuTIvNCKyK17jD3r0PyEcvTtOG/yJHG5pQqhPp9ywP9nXUYr63YhU= \r\nssh-ed25519 AAAAC3NzaC1lZDI1NTE5AAAAIOmRtlI3MMKSPFMx7yvoOodI3VsqPZU1uVKE8pv8h7Xs \r\nssh-rsa AAAAB3NzaC1yc2EAAAADAQABAAABAQDJTuC7hFFxhluyc3jmbP0K1FDe+r9llMHFlwLwH7C+B0sBgC3qkotzgqdkKfmbpe2VbFHM0rQANOwd1HzG8twHe4wlpXGkh9ZuzZgnvNqxITN+T3AWhTyphLgu1OGbKm09gvt5iiEzZGaZFSct9FzOPjijhOtvqVRvYTWfRupp1wnZxAgX1jWLamU4t3GjP6J3y8d+3KSEgZc/1bnc9DiMnSpxdsdTuM3CEPpxEJ+teO1U12IYQ2tZpaxgV3hu05YVWeCbbr24WoiAQ8ceYQPJlRDpZgYwGL8PDU3uB3oEl0zBcPooPbsMuamPT7YDkdxuoD3V1ao4BKED4sFxLJkd \r\n-----END SSH HOST KEY KEYS-----\r\n[   26.294354] cloud-init[3420]: Cloud-init v. 18.5-2.amzn2 finished at Sun, 09 Feb 2020 19:47:04 +0000. Datasource DataSourceEc2.  Up 26.28 seconds\r\n",
    "Timestamp": "2020-02-09T19:49:35.000Z"
}
